20261023_WL_Octoberfest_1
Takin' Care of Business - Bachman-Turner Overdrive
We're an American Band - Grand Funk Railroad
American Girl - Tom Petty
Long Train Runnin' - The Doobie Brothers
Love Shack - The B-52's
I'm Your Boogie Man - KC and the Sunshine Band
The Chicken Dance - Werner Thomas (Traditional)
Beer Barrel Polka - Jaromír Vejvoda [C]
Born to Be Wild - Steppenwolf
Magic Carpet Ride - Steppenwolf
Don't Fear the Reaper - Blue Öyster Cult
Just What I Needed - The Cars
Take It Easy - The Eagles
Choosin' Texas - Ella Langley
Don't Stop - Fleetwood Mac
Keep Your Hands to Yourself - The Georgia Satellites
Walk Away - James Gang
Old Time Rock & Roll - Bob Seger
Mony Mony - Billy Idol
All Right Now - Free
