WL DMSF Set C1
Vehicle - The Ides of March
China Grove - The Doobie Brothers
Betty Lou's Gettin' Out Tonight - Bob Seger & The Silver Bullet Band
I Saw Her Standing There - The Beatles
Devil with the Blue Dress On - Mitch Ryder and The Detroit Wheels
Hurts So Good - John Cougar
25 or 6 to 4 - Chicago
American Girl - Tom Petty
Hard to Handle - The Black Crowes
Born to Be Wild - Steppenwolf
Mony Mony - Billy Idol
Keep Your Hands to Yourself - The Georgia Satellites
Johnny B. Goode - Chuck Berry
Runnin' Down a Dream - Tom Petty
Sunspot Baby - Bob Seger & The Silver Bullet Band
Long Cool Woman (In a Black Dress) - The Hollies
I Need to Know - Tom Petty and the Heartbreakers
Honky Tonk Women - The Rolling Stones
Tennessee Whiskey - Chris Stapleton
Turn the Page - Metallica
Jumpin' Jack Flash - The Rolling Stones
Roadhouse Blues - The Doors
Hold on Loosely - .38 Special
Sweet Caroline - Neil Diamond
We Are Family - Sister Sledge
Ladies Night - Kool & The Gang
Saturday in the Park - Chicago
Sweet Home Alabama - Lynyrd Skynyrd
